2026-07-22 19:08:03,261 INFO [1000359871]                 Book.java:560  | 1 sheet in C:\Users\annes\Desktop\piano\SoundSight\backend\omr_output\1000359871.jpg
2026-07-22 19:08:03,468 INFO []                 Book.java:2565 | Stored /book.xml
2026-07-22 19:08:03,469 INFO []                 Book.java:2525 | Book stored as C:\Users\annes\Desktop\piano\SoundSight\backend\omr_output\1000359871.omr
2026-07-22 19:08:03,478 INFO []                 Book.java:1929 | Book reaching PAGE on sheets:[#1]
2026-07-22 19:08:03,480 INFO [1000359871]       StepMonitoring.java:98   | LOAD
2026-07-22 19:08:03,912 INFO [1000359871]            SheetStub.java:1278 | Loaded image #1 2500x2791 from C:\Users\annes\Desktop\piano\SoundSight\backend\omr_output\1000359871.jpg
2026-07-22 19:08:03,915 INFO [1000359871]            ImageUtil.java:152  | Converting max RGB to gray
2026-07-22 19:08:04,189 INFO [1000359871]       StepMonitoring.java:98   | BINARY
2026-07-22 19:08:04,987 INFO [1000359871]       StepMonitoring.java:98   | SCALE
2026-07-22 19:08:05,018 INFO [1000359871]         ScaleBuilder.java:254  | Beam  guessed height: 11 -- 0.25 of [9..19] range
2026-07-22 19:08:05,019 INFO [1000359871]         ScaleBuilder.java:271  | Beam measured height: 13 -- 0.40 of [9..19] range at 150% of needed quorum
2026-07-22 19:08:05,019 INFO [1000359871]         ScaleBuilder.java:401  | Normalized black jitter: 9.52 %
2026-07-22 19:08:05,019 INFO [1000359871]            ScaleStep.java:65   | Scale{ interline(20,21,21) line(4,4,6) beam(13)}
2026-07-22 19:08:05,020 INFO [1000359871]       StepMonitoring.java:98   | GRID
2026-07-22 19:08:06,179 INFO [1000359871]       LinesRetriever.java:1508 | Global slope: 0.00000
2026-07-22 19:08:06,238 INFO [1000359871]    ClustersRetriever.java:326  | Retrieved raw line clusters: 10 of sizes [5] with interline(20,21,21)
2026-07-22 19:08:06,767 INFO [1000359871]            PeakGraph.java:310  | Systems: #1[1, 2] #2[3, 4] #3[5, 6] #4[7, 8] #5[9, 10]
2026-07-22 19:08:07,434 INFO [1000359871]        SystemManager.java:134  | Indentation detected for system #1
2026-07-22 19:08:07,436 INFO [1000359871]        SystemManager.java:800  | 1 part along 5 systems
2026-07-22 19:08:07,436 INFO [1000359871]                 Book.java:543  | Created scores: [{Score 1}]
2026-07-22 19:08:07,437 INFO [1000359871]       StepMonitoring.java:98   | HEADERS
2026-07-22 19:08:08,962 INFO [1000359871]       StepMonitoring.java:98   | STEM_SEEDS
2026-07-22 19:08:09,034 INFO [1000359871]        StemSeedsStep.java:86   | stem(4 max:5)
2026-07-22 19:08:09,129 INFO [1000359871]       StepMonitoring.java:98   | BEAMS
2026-07-22 19:08:13,852 INFO [1000359871]       StepMonitoring.java:98   | LEDGERS
2026-07-22 19:08:14,359 INFO [1000359871]       StepMonitoring.java:98   | HEADS
2026-07-22 19:08:24,072 INFO [1000359871]        HeadSeedTally.java:235  | Scale information: HeadSeeds{NOTEHEAD_VOID[L:-1.5] NOTEHEAD_BLACK[L:-1.1,R:-1.4]}
2026-07-22 19:08:24,072 INFO [1000359871]       StepMonitoring.java:98   | STEMS
2026-07-22 19:08:25,685 INFO [1000359871]       StepMonitoring.java:98   | REDUCTION
2026-07-22 19:08:26,094 INFO [1000359871]        ReductionStep.java:105  | Stems free length median value: 74 pixels, 3.5 interlines
2026-07-22 19:08:26,098 INFO [1000359871]       StepMonitoring.java:98   | CUE_BEAMS
2026-07-22 19:08:26,101 INFO [1000359871]         CueBeamsStep.java:81   | Step CUE_BEAMS is skipped because small heads switch is off
2026-07-22 19:08:26,101 INFO [1000359871]       StepMonitoring.java:98   | TEXTS
2026-07-22 19:08:27,764 INFO [1000359871]       StepMonitoring.java:98   | MEASURES
2026-07-22 19:08:27,780 INFO [1000359871]                 Page.java:307  | 26 raw measures: [6 in system#1, 5 in system#2, 5 in system#3, 5 in system#4, 5 in system#5]
2026-07-22 19:08:27,781 INFO [1000359871]       StepMonitoring.java:98   | CHORDS
2026-07-22 19:08:27,827 INFO [1000359871]       StepMonitoring.java:98   | CURVES
2026-07-22 19:08:29,863 INFO [1000359871]         SlursBuilder.java:240  | Slurs: 19
2026-07-22 19:08:29,895 INFO [1000359871]      SegmentsBuilder.java:155  | Segments: 4
2026-07-22 19:08:29,920 INFO [1000359871]       StepMonitoring.java:98   | SYMBOLS
2026-07-22 19:08:31,441 INFO [1000359871]       StepMonitoring.java:98   | LINKS
2026-07-22 19:08:31,496 INFO [1000359871]             KeyInter.java:1198 | No effective key before AlterInter#6333{(0.796) staff:5 NATURAL pitch:-4.0}
2026-07-22 19:08:31,559 INFO [1000359871]       StepMonitoring.java:98   | RHYTHMS
2026-07-22 19:08:31,708 INFO [1000359871]       StepMonitoring.java:98   | PAGE
2026-07-22 19:08:31,710 INFO [1000359871]       SheetReduction.java:154  | Gutter. Different glyphs 2/3 DynamicsInter#6292{(0.500/0.768) DYNAMICS_FF} vs WordInter#5696{(0.687/0.687) staff:5 TEXT "2" font:BMS-40}
2026-07-22 19:08:31,710 INFO [1000359871]       SheetReduction.java:154  | Gutter. Different glyphs 2/3 DynamicsInter#6292{(0.500/0.768) DYNAMICS_FF} vs WordInter#5697{(0.680/0.680) staff:5 TEXT "43" font:BIS-47}
2026-07-22 19:08:31,711 INFO [1000359871]       SheetReduction.java:154  | Gutter. Different glyphs 3/4 DynamicsInter#6316{(0.299/0.590) DYNAMICS_FP} vs SlurInter#5956{(0.714/0.956) SLUR_ABOVE}
2026-07-22 19:08:31,711 INFO [1000359871]       SheetReduction.java:154  | Gutter. Different glyphs 3/4 DynamicsInter#6316{(0.299/0.590) DYNAMICS_FP} vs WordInter#5711{(0.708/0.708) staff:7 TEXT "24" font:BIS-51}
2026-07-22 19:08:31,711 INFO [1000359871]       SheetReduction.java:154  | Gutter. Different glyphs 3/4 DynamicsInter#6316{(0.299/0.590) DYNAMICS_FP} vs HeadInter#3069{(0.781/0.961) staff:7 NOTEHEAD_BLACK pitch:-7.0}
2026-07-22 19:08:31,719 INFO [1000359871]                 Book.java:2584 | Book{1000359871} storing
2026-07-22 19:08:31,782 INFO [1000359871]                 Book.java:2565 | Stored /book.xml
2026-07-22 19:08:31,899 INFO [1000359871]           DataHolder.java:348  | Stored /sheet#1/BINARY.png
2026-07-22 19:08:33,296 INFO [1000359871]                Sheet.java:1583 | Stored /sheet#1/sheet#1.xml
2026-07-22 19:08:33,297 INFO [1000359871]                 Book.java:2525 | Book stored as C:\Users\annes\Desktop\piano\SoundSight\backend\omr_output\1000359871.omr
2026-07-22 19:08:33,302 INFO [1000359871]            SheetStub.java:1655 | Sheet disposed
2026-07-22 19:08:33,343 INFO [1000359871]                 Book.java:2050 | End of Stub#1
2026-07-22 19:08:33,346 INFO [1000359871]                 Book.java:2057 | End of Book{1000359871}
2026-07-22 19:08:34,095 INFO [1000359871]            SheetStub.java:1000 | Loaded /sheet#1/sheet#1.xml
2026-07-22 19:08:34,821 INFO [1000359871]      PartwiseBuilder.java:2707 | Exporting sheet(s): [#1]
2026-07-22 19:08:34,973 INFO [1000359871]        ScoreExporter.java:164  | Score 1000359871 exported to C:\Users\annes\Desktop\piano\SoundSight\backend\omr_output\1000359871.mxl
2026-07-22 19:08:35,033 INFO [1000359871]                Score.java:181  | Closing {Score 1}
