2026-07-22 19:09:50,181 INFO [1000359870]                 Book.java:560  | 1 sheet in C:\Users\annes\Desktop\piano\SoundSight\backend\omr_output\1000359870.jpg
2026-07-22 19:09:50,365 INFO []                 Book.java:2565 | Stored /book.xml
2026-07-22 19:09:50,365 INFO []                 Book.java:2525 | Book stored as C:\Users\annes\Desktop\piano\SoundSight\backend\omr_output\1000359870.omr
2026-07-22 19:09:50,375 INFO []                 Book.java:1929 | Book reaching PAGE on sheets:[#1]
2026-07-22 19:09:50,376 INFO [1000359870]       StepMonitoring.java:98   | LOAD
2026-07-22 19:09:50,749 INFO [1000359870]            SheetStub.java:1278 | Loaded image #1 2500x2702 from C:\Users\annes\Desktop\piano\SoundSight\backend\omr_output\1000359870.jpg
2026-07-22 19:09:50,752 INFO [1000359870]            ImageUtil.java:152  | Converting max RGB to gray
2026-07-22 19:09:50,993 INFO [1000359870]       StepMonitoring.java:98   | BINARY
2026-07-22 19:09:51,697 INFO [1000359870]       StepMonitoring.java:98   | SCALE
2026-07-22 19:09:51,731 INFO [1000359870]         ScaleBuilder.java:254  | Beam  guessed height: 13 -- 0.25 of [10..21] range
2026-07-22 19:09:51,741 INFO [1000359870]         ScaleBuilder.java:271  | Beam measured height: 13 -- 0.27 of [10..21] range at 571% of needed quorum
2026-07-22 19:09:51,742 INFO [1000359870]         ScaleBuilder.java:401  | Normalized black jitter: 13.64 %
2026-07-22 19:09:51,742 INFO [1000359870]            ScaleStep.java:65   | Scale{ interline(21,22,24) line(3,4,6) beam(13)}
2026-07-22 19:09:51,743 INFO [1000359870]       StepMonitoring.java:98   | GRID
2026-07-22 19:09:52,708 INFO [1000359870]       LinesRetriever.java:1508 | Global slope: 0.00000
2026-07-22 19:09:52,810 INFO [1000359870]    ClustersRetriever.java:326  | Retrieved raw line clusters: 8 of sizes [5] with interline(21,22,24)
2026-07-22 19:09:53,341 INFO [1000359870]            PeakGraph.java:310  | Systems: #1[1, 2] #2[3, 4] #3[5, 6] #4[7, 8]
2026-07-22 19:09:53,912 INFO [1000359870]        SystemManager.java:134  | Indentation detected for system #1
2026-07-22 19:09:53,914 INFO [1000359870]        SystemManager.java:800  | 1 part along 4 systems
2026-07-22 19:09:53,915 INFO [1000359870]                 Book.java:543  | Created scores: [{Score 1}]
2026-07-22 19:09:53,916 INFO [1000359870]       StepMonitoring.java:98   | HEADERS
2026-07-22 19:09:55,918 INFO [1000359870]       StepMonitoring.java:98   | STEM_SEEDS
2026-07-22 19:09:55,992 INFO [1000359870]        StemSeedsStep.java:86   | stem(5 max:6)
2026-07-22 19:09:56,088 INFO [1000359870]       StepMonitoring.java:98   | BEAMS
2026-07-22 19:10:01,629 INFO [1000359870]       StepMonitoring.java:98   | LEDGERS
2026-07-22 19:10:02,288 INFO [1000359870]       StepMonitoring.java:98   | HEADS
2026-07-22 19:10:12,763 INFO [1000359870]        HeadSeedTally.java:235  | Scale information: HeadSeeds{NOTEHEAD_BLACK[L:-0.7,R:-1.0]}
2026-07-22 19:10:12,763 INFO [1000359870]       StepMonitoring.java:98   | STEMS
2026-07-22 19:10:14,762 INFO [1000359870]       StepMonitoring.java:98   | REDUCTION
2026-07-22 19:10:15,067 INFO [1000359870]        ReductionStep.java:105  | Stems free length median value: 80 pixels, 3.6 interlines
2026-07-22 19:10:15,073 INFO [1000359870]       StepMonitoring.java:98   | CUE_BEAMS
2026-07-22 19:10:15,074 INFO [1000359870]         CueBeamsStep.java:81   | Step CUE_BEAMS is skipped because small heads switch is off
2026-07-22 19:10:15,074 INFO [1000359870]       StepMonitoring.java:98   | TEXTS
2026-07-22 19:10:16,342 INFO [1000359870]       StepMonitoring.java:98   | MEASURES
2026-07-22 19:10:16,354 INFO [1000359870]                 Page.java:307  | 12 raw measures: [3 in system#1, 3 in system#2, 3 in system#3, 3 in system#4]
2026-07-22 19:10:16,356 INFO [1000359870]       StepMonitoring.java:98   | CHORDS
2026-07-22 19:10:16,468 INFO [1000359870]       StepMonitoring.java:98   | CURVES
2026-07-22 19:10:17,577 INFO [1000359870]         SlursBuilder.java:240  | Slurs: 16
2026-07-22 19:10:17,620 INFO [1000359870]      SegmentsBuilder.java:155  | Segments: 4
2026-07-22 19:10:17,628 INFO [1000359870]       StepMonitoring.java:98   | SYMBOLS
2026-07-22 19:10:18,729 INFO [1000359870]       StepMonitoring.java:98   | LINKS
2026-07-22 19:10:18,834 INFO [1000359870]       StepMonitoring.java:98   | RHYTHMS
2026-07-22 19:10:18,872 INFO [1000359870]                Voice.java:257  | Measure{#2} Voice{#2 excess:1/8} too long
2026-07-22 19:10:18,873 INFO [1000359870]          StackRhythm.java:224  | S1 MeasureStack#2 no correct rhythm
2026-07-22 19:10:18,881 INFO [1000359870]        MeasureRhythm.java:1276 | Measure{#3} Time inconsistency in {3/32=[HeadChordInter#7839{(0.936/0.936) staff:2 slot#3 off:3/32 dur:1/16}], 1/8=[HeadChordInter#7840{(0.945/0.945) staff:2 slot#3 off:1/8 dur:1/8}]}
2026-07-22 19:10:18,891 INFO [1000359870]                Voice.java:257  | Measure{#4} Voice{#2 excess:1/8} too long
2026-07-22 19:10:18,891 INFO [1000359870]          StackRhythm.java:224  | S2 MeasureStack#4 no correct rhythm
2026-07-22 19:10:18,943 INFO [1000359870]        MeasureRhythm.java:1276 | Measure{#10} Time inconsistency in {3/8=[HeadChordInter#7998{(0.958/0.958) staff:7 slot#5 off:3/8 dur:1/8}], 9/16=[HeadChordInter#7997{(0.955/0.955) staff:7 slot#5 off:9/16 dur:1/16}]}
2026-07-22 19:10:18,946 INFO [1000359870]                Voice.java:257  | Measure{#10} Voice{#1 excess:3/16} too long
2026-07-22 19:10:18,947 INFO [1000359870]                Voice.java:257  | Measure{#10} Voice{#4 excess:3/16} too long
2026-07-22 19:10:18,947 INFO [1000359870]          StackRhythm.java:224  | S4 MeasureStack#10 no correct rhythm
2026-07-22 19:10:18,962 INFO [1000359870]       StepMonitoring.java:98   | PAGE
2026-07-22 19:10:18,969 INFO [1000359870]                Voice.java:257  | Measure{#2} Voice{#2 excess:1/8} too long
2026-07-22 19:10:18,970 INFO [1000359870]                Voice.java:257  | Measure{#4} Voice{#2 excess:1/8} too long
2026-07-22 19:10:18,971 INFO [1000359870]                Voice.java:257  | Measure{#10} Voice{#1 excess:3/16} too long
2026-07-22 19:10:18,972 INFO [1000359870]                Voice.java:257  | Measure{#10} Voice{#4 excess:3/16} too long
2026-07-22 19:10:18,973 INFO [1000359870]                 Book.java:2584 | Book{1000359870} storing
2026-07-22 19:10:19,040 INFO [1000359870]                 Book.java:2565 | Stored /book.xml
2026-07-22 19:10:19,169 INFO [1000359870]           DataHolder.java:348  | Stored /sheet#1/BINARY.png
2026-07-22 19:10:20,276 INFO [1000359870]                Sheet.java:1583 | Stored /sheet#1/sheet#1.xml
2026-07-22 19:10:20,277 INFO [1000359870]                 Book.java:2525 | Book stored as C:\Users\annes\Desktop\piano\SoundSight\backend\omr_output\1000359870.omr
2026-07-22 19:10:20,283 INFO [1000359870]            SheetStub.java:1655 | Sheet disposed
2026-07-22 19:10:20,319 INFO [1000359870]                 Book.java:2050 | End of Stub#1
2026-07-22 19:10:20,320 INFO [1000359870]                 Book.java:2057 | End of Book{1000359870}
2026-07-22 19:10:21,030 INFO [1000359870]            SheetStub.java:1000 | Loaded /sheet#1/sheet#1.xml
2026-07-22 19:10:21,504 INFO [1000359870]      PartwiseBuilder.java:2707 | Exporting sheet(s): [#1]
2026-07-22 19:10:21,651 INFO [1000359870]        ScoreExporter.java:164  | Score 1000359870 exported to C:\Users\annes\Desktop\piano\SoundSight\backend\omr_output\1000359870.mxl
2026-07-22 19:10:21,709 INFO [1000359870]                Score.java:181  | Closing {Score 1}
